<?xml version="1.0" encoding="UTF-8"?>
<TestRun id="d4a07db5-aa13-421b-8aaf-f94677cf8f28" name="Adam@ADAMS-PC 2012-04-17 21:46:26" runUser="Adams-PC\Adam" xmlns="http://microsoft.com/schemas/VisualStudio/TeamTest/2010">
  <TestSettings name="Local" id="62262a18-aa2d-4e8c-bb8e-3d6d7920f3cd">
    <Description>These are default test settings for a local test run.</Description>
    <Deployment userDeploymentRoot="C:\Users\Adam\Documents\School\CSCE 431\Repository\AY\BlackJack-CS\TestResults" useDefaultDeploymentRoot="false" enabled="false" runDeploymentRoot="Adam_ADAMS-PC 2012-04-17 21_46_26">
      <DeploymentItem filename="C:\Users\Adam\Documents\School\CSCE 431\Repository\AY\BlackJack-CS\BlackJack-CS\bin\Debug\BlackJack-CS.exe" />
    </Deployment>
    <Execution>
      <TestTypeSpecific />
      <AgentRule name="Execution Agents">
      </AgentRule>
    </Execution>
  </TestSettings>
  <Times creation="2012-04-17T21:46:26.3569509-05:00" queuing="2012-04-17T21:46:29.7951475-05:00" start="2012-04-17T21:46:30.0311610-05:00" finish="2012-04-17T21:46:30.5641915-05:00" />
  <ResultSummary outcome="Error">
    <Counters total="8" executed="1" error="0" failed="0" timeout="0" aborted="1" inconclusive="0" passedButRunAborted="0" notRunnable="0" notExecuted="7" disconnected="0" warning="0" passed="0" completed="0" inProgress="0" pending="0" />
    <RunInfos>
      <RunInfo computerName="ADAMS-PC" outcome="Error" timestamp="2012-04-17T21:46:30.5611913-05:00">
        <Text>Test host process exited unexpectedly.</Text>
      </RunInfo>
    </RunInfos>
  </ResultSummary>
  <TestDefinitions>
    <UnitTest name="GetHandValueTest" storage="c:\users\adam\documents\school\csce 431\repository\ay\blackjack-cs\blackjack_cs_test\bin\debug\blackjack_cs_test.dll" id="e56b483f-03c8-d6bf-9862-a1b72a3bde21">
      <Execution id="e6d6da0d-3ce8-4fba-9a4c-a2051d7b2aea" />
      <TestMethod codeBase="C:/Users/Adam/Documents/School/CSCE 431/Repository/AY/BlackJack-CS/BlackJack_CS_Test/bin/Debug/BlackJack_CS_Test.DLL" adapterTypeName="Microsoft.VisualStudio.TestTools.TestTypes.Unit.UnitTestAdapter, Microsoft.VisualStudio.QualityTools.Tips.UnitTest.Adapter, Version=10.0.0.0, Culture=neutral, PublicKeyToken=b03f5f7f11d50a3a" className="BlackJack_CS_Test.PlayerTest, BlackJack_CS_Test, Version=1.0.0.0, Culture=neutral, PublicKeyToken=null" name="GetHandValueTest" />
    </UnitTest>
    <UnitTest name="SetBetTest" storage="c:\users\adam\documents\school\csce 431\repository\ay\blackjack-cs\blackjack_cs_test\bin\debug\blackjack_cs_test.dll" id="da2b72f4-71eb-5130-879e-420d5d36629c">
      <Execution id="b9f10ba5-f752-4ade-a682-0a82233add83" />
      <TestMethod codeBase="C:/Users/Adam/Documents/School/CSCE 431/Repository/AY/BlackJack-CS/BlackJack_CS_Test/bin/Debug/BlackJack_CS_Test.DLL" adapterTypeName="Microsoft.VisualStudio.TestTools.TestTypes.Unit.UnitTestAdapter, Microsoft.VisualStudio.QualityTools.Tips.UnitTest.Adapter, Version=10.0.0.0, Culture=neutral, PublicKeyToken=b03f5f7f11d50a3a" className="BlackJack_CS_Test.PlayerTest, BlackJack_CS_Test, Version=1.0.0.0, Culture=neutral, PublicKeyToken=null" name="SetBetTest" />
    </UnitTest>
    <UnitTest name="GetValueTest" storage="c:\users\adam\documents\school\csce 431\repository\ay\blackjack-cs\blackjack_cs_test\bin\debug\blackjack_cs_test.dll" id="9056b851-e442-7d3d-8a9f-a64279402193">
      <Execution id="ceed63d6-dc8e-4039-bad9-2cc56bfefd02" />
      <TestMethod codeBase="C:/Users/Adam/Documents/School/CSCE 431/Repository/AY/BlackJack-CS/BlackJack_CS_Test/bin/Debug/BlackJack_CS_Test.DLL" adapterTypeName="Microsoft.VisualStudio.TestTools.TestTypes.Unit.UnitTestAdapter, Microsoft.VisualStudio.QualityTools.Tips.UnitTest.Adapter, Version=10.0.0.0, Culture=neutral, PublicKeyToken=b03f5f7f11d50a3a" className="BlackJack_CS_Test.BlackJackCardTest, BlackJack_CS_Test, Version=1.0.0.0, Culture=neutral, PublicKeyToken=null" name="GetValueTest" />
    </UnitTest>
    <UnitTest name="NextCardTest" storage="c:\users\adam\documents\school\csce 431\repository\ay\blackjack-cs\blackjack_cs_test\bin\debug\blackjack_cs_test.dll" id="b166f23b-3352-2b0b-bddf-882e24bc5f05">
      <Execution id="dcc21d73-c395-4ae2-bc81-208efd93803f" />
      <TestMethod codeBase="C:/Users/Adam/Documents/School/CSCE 431/Repository/AY/BlackJack-CS/BlackJack_CS_Test/bin/Debug/BlackJack_CS_Test.DLL" adapterTypeName="Microsoft.VisualStudio.TestTools.TestTypes.Unit.UnitTestAdapter, Microsoft.VisualStudio.QualityTools.Tips.UnitTest.Adapter, Version=10.0.0.0, Culture=neutral, PublicKeyToken=b03f5f7f11d50a3a" className="BlackJack_CS_Test.DeckTest, BlackJack_CS_Test, Version=1.0.0.0, Culture=neutral, PublicKeyToken=null" name="NextCardTest" />
    </UnitTest>
    <UnitTest name="ShowCardValTest" storage="c:\users\adam\documents\school\csce 431\repository\ay\blackjack-cs\blackjack_cs_test\bin\debug\blackjack_cs_test.dll" id="4f165df9-5544-68b3-df37-79e22921d79c">
      <Execution id="c25d6b74-1644-48cf-939d-641e13d984c9" />
      <TestMethod codeBase="C:/Users/Adam/Documents/School/CSCE 431/Repository/AY/BlackJack-CS/BlackJack_CS_Test/bin/Debug/BlackJack_CS_Test.DLL" adapterTypeName="Microsoft.VisualStudio.TestTools.TestTypes.Unit.UnitTestAdapter, Microsoft.VisualStudio.QualityTools.Tips.UnitTest.Adapter, Version=10.0.0.0, Culture=neutral, PublicKeyToken=b03f5f7f11d50a3a" className="BlackJack_CS_Test.PlayerTest, BlackJack_CS_Test, Version=1.0.0.0, Culture=neutral, PublicKeyToken=null" name="ShowCardValTest" />
    </UnitTest>
    <UnitTest name="EqualsTest" storage="c:\users\adam\documents\school\csce 431\repository\ay\blackjack-cs\blackjack_cs_test\bin\debug\blackjack_cs_test.dll" id="7f15063e-a2c1-fc05-896f-c361ab776252">
      <Execution id="c8d60da8-f763-4191-8d29-007297932ea6" />
      <TestMethod codeBase="C:/Users/Adam/Documents/School/CSCE 431/Repository/AY/BlackJack-CS/BlackJack_CS_Test/bin/Debug/BlackJack_CS_Test.DLL" adapterTypeName="Microsoft.VisualStudio.TestTools.TestTypes.Unit.UnitTestAdapter, Microsoft.VisualStudio.QualityTools.Tips.UnitTest.Adapter, Version=10.0.0.0, Culture=neutral, PublicKeyToken=b03f5f7f11d50a3a" className="BlackJack_CS_Test.BlackJackCardTest, BlackJack_CS_Test, Version=1.0.0.0, Culture=neutral, PublicKeyToken=null" name="EqualsTest" />
    </UnitTest>
    <UnitTest name="CanPlayTest" storage="c:\users\adam\documents\school\csce 431\repository\ay\blackjack-cs\blackjack_cs_test\bin\debug\blackjack_cs_test.dll" id="56d4acef-88a1-0e6d-9f67-c569060c2018">
      <Execution id="cd04f079-2e9e-415f-9331-aa16e73fe72f" />
      <TestMethod codeBase="C:/Users/Adam/Documents/School/CSCE 431/Repository/AY/BlackJack-CS/BlackJack_CS_Test/bin/Debug/BlackJack_CS_Test.DLL" adapterTypeName="Microsoft.VisualStudio.TestTools.TestTypes.Unit.UnitTestAdapter, Microsoft.VisualStudio.QualityTools.Tips.UnitTest.Adapter, Version=10.0.0.0, Culture=neutral, PublicKeyToken=b03f5f7f11d50a3a" className="BlackJack_CS_Test.PlayerTest, BlackJack_CS_Test, Version=1.0.0.0, Culture=neutral, PublicKeyToken=null" name="CanPlayTest" />
    </UnitTest>
    <UnitTest name="ShowCardTest" storage="c:\users\adam\documents\school\csce 431\repository\ay\blackjack-cs\blackjack_cs_test\bin\debug\blackjack_cs_test.dll" id="4d53bccc-77ba-94c1-e16b-baffb7d3e8d1">
      <Execution id="e5512360-ea40-433a-b8f4-ab7e614baf42" />
      <TestMethod codeBase="C:/Users/Adam/Documents/School/CSCE 431/Repository/AY/BlackJack-CS/BlackJack_CS_Test/bin/Debug/BlackJack_CS_Test.DLL" adapterTypeName="Microsoft.VisualStudio.TestTools.TestTypes.Unit.UnitTestAdapter, Microsoft.VisualStudio.QualityTools.Tips.UnitTest.Adapter, Version=10.0.0.0, Culture=neutral, PublicKeyToken=b03f5f7f11d50a3a" className="BlackJack_CS_Test.PlayerTest, BlackJack_CS_Test, Version=1.0.0.0, Culture=neutral, PublicKeyToken=null" name="ShowCardTest" />
    </UnitTest>
  </TestDefinitions>
  <TestLists>
    <TestList name="Results Not in a List" id="8c84fa94-04c1-424b-9868-57a2d4851a1d" />
    <TestList name="All Loaded Results" id="19431567-8539-422a-85d7-44ee4e166bda" />
  </TestLists>
  <TestEntries>
    <TestEntry testId="4d53bccc-77ba-94c1-e16b-baffb7d3e8d1" executionId="e5512360-ea40-433a-b8f4-ab7e614baf42" testListId="8c84fa94-04c1-424b-9868-57a2d4851a1d" />
    <TestEntry testId="4f165df9-5544-68b3-df37-79e22921d79c" executionId="c25d6b74-1644-48cf-939d-641e13d984c9" testListId="8c84fa94-04c1-424b-9868-57a2d4851a1d" />
    <TestEntry testId="56d4acef-88a1-0e6d-9f67-c569060c2018" executionId="cd04f079-2e9e-415f-9331-aa16e73fe72f" testListId="8c84fa94-04c1-424b-9868-57a2d4851a1d" />
    <TestEntry testId="7f15063e-a2c1-fc05-896f-c361ab776252" executionId="c8d60da8-f763-4191-8d29-007297932ea6" testListId="8c84fa94-04c1-424b-9868-57a2d4851a1d" />
    <TestEntry testId="9056b851-e442-7d3d-8a9f-a64279402193" executionId="ceed63d6-dc8e-4039-bad9-2cc56bfefd02" testListId="8c84fa94-04c1-424b-9868-57a2d4851a1d" />
    <TestEntry testId="b166f23b-3352-2b0b-bddf-882e24bc5f05" executionId="dcc21d73-c395-4ae2-bc81-208efd93803f" testListId="8c84fa94-04c1-424b-9868-57a2d4851a1d" />
    <TestEntry testId="da2b72f4-71eb-5130-879e-420d5d36629c" executionId="b9f10ba5-f752-4ade-a682-0a82233add83" testListId="8c84fa94-04c1-424b-9868-57a2d4851a1d" />
    <TestEntry testId="e56b483f-03c8-d6bf-9862-a1b72a3bde21" executionId="e6d6da0d-3ce8-4fba-9a4c-a2051d7b2aea" testListId="8c84fa94-04c1-424b-9868-57a2d4851a1d" />
  </TestEntries>
  <Results>
    <UnitTestResult executionId="e5512360-ea40-433a-b8f4-ab7e614baf42" testId="4d53bccc-77ba-94c1-e16b-baffb7d3e8d1" testName="ShowCardTest" computerName="ADAMS-PC" duration="00:00:00.3660210" startTime="2012-04-17T21:46:30.1971705-05:00" endTime="2012-04-17T21:46:30.5631915-05:00" testType="13cdc9d9-ddb5-4fa4-a97d-d965ccfc6d4b" outcome="Aborted" testListId="8c84fa94-04c1-424b-9868-57a2d4851a1d" relativeResultsDirectory="e5512360-ea40-433a-b8f4-ab7e614baf42">
    </UnitTestResult>
    <UnitTestResult executionId="c25d6b74-1644-48cf-939d-641e13d984c9" testId="4f165df9-5544-68b3-df37-79e22921d79c" testName="ShowCardValTest" computerName="ADAMS-PC" testType="13cdc9d9-ddb5-4fa4-a97d-d965ccfc6d4b" outcome="NotExecuted" testListId="8c84fa94-04c1-424b-9868-57a2d4851a1d" relativeResultsDirectory="c25d6b74-1644-48cf-939d-641e13d984c9">
    </UnitTestResult>
    <UnitTestResult executionId="cd04f079-2e9e-415f-9331-aa16e73fe72f" testId="56d4acef-88a1-0e6d-9f67-c569060c2018" testName="CanPlayTest" computerName="ADAMS-PC" testType="13cdc9d9-ddb5-4fa4-a97d-d965ccfc6d4b" outcome="NotExecuted" testListId="8c84fa94-04c1-424b-9868-57a2d4851a1d" relativeResultsDirectory="cd04f079-2e9e-415f-9331-aa16e73fe72f">
    </UnitTestResult>
    <UnitTestResult executionId="c8d60da8-f763-4191-8d29-007297932ea6" testId="7f15063e-a2c1-fc05-896f-c361ab776252" testName="EqualsTest" computerName="ADAMS-PC" testType="13cdc9d9-ddb5-4fa4-a97d-d965ccfc6d4b" outcome="NotExecuted" testListId="8c84fa94-04c1-424b-9868-57a2d4851a1d" relativeResultsDirectory="c8d60da8-f763-4191-8d29-007297932ea6">
    </UnitTestResult>
    <UnitTestResult executionId="ceed63d6-dc8e-4039-bad9-2cc56bfefd02" testId="9056b851-e442-7d3d-8a9f-a64279402193" testName="GetValueTest" computerName="ADAMS-PC" testType="13cdc9d9-ddb5-4fa4-a97d-d965ccfc6d4b" outcome="NotExecuted" testListId="8c84fa94-04c1-424b-9868-57a2d4851a1d" relativeResultsDirectory="ceed63d6-dc8e-4039-bad9-2cc56bfefd02">
    </UnitTestResult>
    <UnitTestResult executionId="dcc21d73-c395-4ae2-bc81-208efd93803f" testId="b166f23b-3352-2b0b-bddf-882e24bc5f05" testName="NextCardTest" computerName="ADAMS-PC" testType="13cdc9d9-ddb5-4fa4-a97d-d965ccfc6d4b" outcome="NotExecuted" testListId="8c84fa94-04c1-424b-9868-57a2d4851a1d" relativeResultsDirectory="dcc21d73-c395-4ae2-bc81-208efd93803f">
    </UnitTestResult>
    <UnitTestResult executionId="b9f10ba5-f752-4ade-a682-0a82233add83" testId="da2b72f4-71eb-5130-879e-420d5d36629c" testName="SetBetTest" computerName="ADAMS-PC" testType="13cdc9d9-ddb5-4fa4-a97d-d965ccfc6d4b" outcome="NotExecuted" testListId="8c84fa94-04c1-424b-9868-57a2d4851a1d" relativeResultsDirectory="b9f10ba5-f752-4ade-a682-0a82233add83">
    </UnitTestResult>
    <UnitTestResult executionId="e6d6da0d-3ce8-4fba-9a4c-a2051d7b2aea" testId="e56b483f-03c8-d6bf-9862-a1b72a3bde21" testName="GetHandValueTest" computerName="ADAMS-PC" testType="13cdc9d9-ddb5-4fa4-a97d-d965ccfc6d4b" outcome="NotExecuted" testListId="8c84fa94-04c1-424b-9868-57a2d4851a1d" relativeResultsDirectory="e6d6da0d-3ce8-4fba-9a4c-a2051d7b2aea">
    </UnitTestResult>
  </Results>
</TestRun>